All the errors faced during project development and their solutions
